2026-04-20 16:59:25,926 - INFO - Le script CMB ne s'exécute pas cette fois
2026-04-20 17:59:26,843 - INFO - Le script CMB ne s'exécute pas cette fois
2026-04-20 18:59:24,817 - INFO - Le script CMB s'exécute maintenant
2026-04-20 18:59:24,817 - INFO - Pause aléatoire
2026-04-20 18:59:28,004 - INFO - Tweet publié : Rebondie comme ma bite. #cmb
2026-04-20 18:59:28,004 - INFO - Qualités utilisées : 64/221
2026-04-20 19:59:26,440 - INFO - Le script CMB ne s'exécute pas cette fois
2026-04-20 20:59:26,115 - INFO - Le script CMB ne s'exécute pas cette fois
2026-04-21 03:59:25,276 - INFO - Le script CMB ne s'exécute pas cette fois
2026-04-21 04:59:25,870 - INFO - Le script CMB ne s'exécute pas cette fois
2026-04-21 05:59:26,603 - INFO - Le script CMB ne s'exécute pas cette fois
2026-04-21 06:59:25,606 - INFO - Le script CMB s'exécute maintenant
2026-04-21 06:59:25,606 - INFO - Pause aléatoire
2026-04-21 06:59:28,771 - INFO - Tweet publié : Immense comme ma bite. #cmb
2026-04-21 06:59:28,771 - INFO - Qualités utilisées : 65/221
2026-04-21 07:59:24,770 - INFO - Le script CMB ne s'exécute pas cette fois
2026-04-21 08:59:33,153 - INFO - Le script CMB ne s'exécute pas cette fois
2026-04-21 09:59:25,019 - INFO - Le script CMB s'exécute maintenant
2026-04-21 09:59:25,019 - INFO - Pause aléatoire
2026-04-21 09:59:28,205 - INFO - Tweet publié : Sublime comme ma bite. #cmb
2026-04-21 09:59:28,206 - INFO - Qualités utilisées : 66/221
2026-04-21 10:59:27,091 - INFO - Le script CMB ne s'exécute pas cette fois
2026-04-21 11:59:25,486 - INFO - Le script CMB ne s'exécute pas cette fois
2026-04-21 12:59:25,530 - INFO - Le script CMB ne s'exécute pas cette fois
2026-04-21 13:59:25,462 - INFO - Le script CMB ne s'exécute pas cette fois
2026-04-21 14:59:27,444 - INFO - Le script CMB ne s'exécute pas cette fois
2026-04-21 15:59:26,859 - INFO - Le script CMB ne s'exécute pas cette fois
2026-04-21 16:59:25,995 - INFO - Le script CMB s'exécute maintenant
2026-04-21 16:59:25,995 - INFO - Pause aléatoire
2026-04-21 16:59:29,194 - INFO - Tweet publié : Fière comme ma bite. #cmb
2026-04-21 16:59:29,194 - INFO - Qualités utilisées : 67/221
2026-04-21 17:59:26,198 - INFO - Le script CMB s'exécute maintenant
2026-04-21 17:59:26,198 - INFO - Pause aléatoire
2026-04-21 17:59:28,381 - INFO - Tweet publié : Décidée comme ma bite. #cmb
2026-04-21 17:59:28,381 - INFO - Qualités utilisées : 68/221
2026-04-21 18:59:26,953 - INFO - Le script CMB ne s'exécute pas cette fois
2026-04-21 19:59:28,373 - INFO - Le script CMB ne s'exécute pas cette fois
2026-04-21 20:59:26,543 - INFO - Le script CMB ne s'exécute pas cette fois
2026-04-22 03:59:26,827 - INFO - Le script CMB ne s'exécute pas cette fois
2026-04-22 04:59:26,695 - INFO - Le script CMB ne s'exécute pas cette fois
2026-04-22 05:59:29,409 - INFO - Le script CMB ne s'exécute pas cette fois
2026-04-22 06:59:25,571 - INFO - Le script CMB ne s'exécute pas cette fois
2026-04-22 07:59:25,746 - INFO - Le script CMB ne s'exécute pas cette fois
2026-04-22 08:59:33,196 - INFO - Le script CMB s'exécute maintenant
2026-04-22 08:59:33,197 - INFO - Pause aléatoire
2026-04-22 08:59:35,434 - INFO - Tweet publié : Placide comme ma bite. #cmb
2026-04-22 08:59:35,434 - INFO - Qualités utilisées : 69/221
2026-05-01 08:59:53,221 - INFO - Le script CMB ne s'exécute pas cette fois
2026-05-11 22:07:12,185 - INFO - Le script CMB s'exécute maintenant
2026-05-11 22:07:12,376 - INFO - Tweet publié : Attrayante comme ma bite. #cmb
2026-05-12 07:41:42,378 - INFO - Le script CMB ne s'exécute pas cette fois (tirage aléatoire)
2026-05-12 11:21:27,025 - INFO - Le script CMB s'exécute maintenant
2026-05-12 11:21:27,249 - INFO - Tweet publié : Épique comme ma bite. #cmb
2026-05-12 15:39:28,558 - INFO - Le script CMB ne s'exécute pas cette fois (tirage aléatoire)
2026-05-12 18:55:16,547 - INFO - Le script CMB ne s'exécute pas cette fois (tirage aléatoire)
2026-05-12 22:11:27,438 - INFO - Le script CMB s'exécute maintenant
2026-05-12 22:11:27,627 - INFO - Tweet publié : Audacieuse comme ma bite. #cmb
2026-05-13 07:50:31,978 - INFO - Le script CMB ne s'exécute pas cette fois (90% des cas)
2026-05-13 09:46:19,511 - INFO - Le script CMB ne s'exécute pas cette fois (90% des cas)
2026-05-13 10:46:27,710 - INFO - Le script CMB ne s'exécute pas cette fois (90% des cas)
2026-05-13 11:46:25,212 - INFO - Le script CMB ne s'exécute pas cette fois (90% des cas)
2026-05-13 12:46:19,058 - INFO - Le script CMB ne s'exécute pas cette fois (90% des cas)
2026-05-13 13:46:23,130 - INFO - Le script CMB ne s'exécute pas cette fois (90% des cas)
2026-05-13 14:41:30,840 - INFO - Le script CMB ne s'exécute pas cette fois (90% des cas)
2026-05-13 15:41:33,417 - INFO - Le script CMB ne s'exécute pas cette fois (90% des cas)
2026-05-13 16:41:26,251 - INFO - Le script CMB ne s'exécute pas cette fois (90% des cas)
2026-05-13 17:41:26,544 - INFO - Le script CMB ne s'exécute pas cette fois (90% des cas)
2026-05-14 07:41:25,315 - INFO - Le script CMB ne s'exécute pas cette fois (90% des cas)
2026-05-14 08:41:23,992 - INFO - Le script CMB ne s'exécute pas cette fois (90% des cas)
2026-05-14 09:41:15,563 - INFO - Le script CMB ne s'exécute pas cette fois (90% des cas)
2026-05-14 10:41:19,135 - INFO - Le script CMB ne s'exécute pas cette fois (90% des cas)
2026-05-14 11:41:15,749 - INFO - Le script CMB ne s'exécute pas cette fois (90% des cas)
2026-05-14 12:41:16,393 - INFO - Le script CMB ne s'exécute pas cette fois (90% des cas)
2026-05-14 13:41:24,164 - INFO - Le script CMB ne s'exécute pas cette fois (90% des cas)
2026-05-14 14:41:17,380 - INFO - Le script CMB ne s'exécute pas cette fois (90% des cas)
2026-05-14 15:41:21,599 - INFO - Le script CMB ne s'exécute pas cette fois (90% des cas)
2026-05-14 16:41:20,088 - INFO - Le script CMB ne s'exécute pas cette fois (90% des cas)
2026-05-14 17:41:18,000 - INFO - Le script CMB ne s'exécute pas cette fois (90% des cas)
2026-05-15 07:41:16,291 - INFO - Le script CMB ne s'exécute pas cette fois (90% des cas)
2026-05-15 08:41:21,276 - INFO - Le script CMB ne s'exécute pas cette fois (90% des cas)
2026-05-15 09:41:20,239 - INFO - Le script CMB ne s'exécute pas cette fois (90% des cas)
2026-05-15 10:41:22,051 - INFO - Le script CMB ne s'exécute pas cette fois (90% des cas)
2026-05-15 11:41:17,168 - INFO - Le script CMB ne s'exécute pas cette fois (90% des cas)
2026-05-15 12:41:28,328 - INFO - Le script CMB ne s'exécute pas cette fois (90% des cas)
2026-05-15 13:41:24,564 - INFO - Le script CMB ne s'exécute pas cette fois (90% des cas)
2026-05-15 14:41:19,450 - INFO - Le script CMB ne s'exécute pas cette fois (90% des cas)
2026-05-15 15:41:17,919 - INFO - Le script CMB s'exécute maintenant
2026-05-15 15:41:18,123 - INFO - Tweet publié : Incroyable comme ma bite. #cmb
2026-05-15 16:41:18,019 - INFO - Le script CMB ne s'exécute pas cette fois (90% des cas)
2026-05-15 17:41:15,612 - INFO - Le script CMB s'exécute maintenant
2026-05-15 17:41:15,808 - INFO - Tweet publié : Sucrée comme ma bite. #cmb
2026-05-16 07:41:15,625 - INFO - Le script CMB ne s'exécute pas cette fois (90% des cas)
2026-05-16 08:41:16,690 - INFO - Le script CMB s'exécute maintenant
2026-05-16 08:41:16,893 - INFO - Tweet publié : Empâtée comme ma bite. #cmb
2026-05-16 10:41:18,029 - INFO - Le script CMB ne s'exécute pas cette fois (90% des cas)
2026-05-16 16:41:14,246 - INFO - Le script CMB ne s'exécute pas cette fois (90% des cas)
2026-05-17 16:41:16,836 - INFO - Le script CMB ne s'exécute pas cette fois (90% des cas)
2026-05-19 16:41:19,312 - INFO - Le script CMB ne s'exécute pas cette fois (90% des cas)
2026-05-23 16:41:17,346 - INFO - Le script CMB ne s'exécute pas cette fois (90% des cas)
2026-05-24 16:41:20,740 - INFO - Le script CMB ne s'exécute pas cette fois (90% des cas)
2026-05-26 16:41:18,819 - INFO - Le script CMB ne s'exécute pas cette fois (90% des cas)
