2026-09-10 10:46:22,062 - INFO - Fichier historique: /home/runner/work/Bots/Bots/maires/tweeted_maires.txt
2026-09-10 10:46:22,148 - INFO - Historique chargé: 1890 maires déjà tweetés
2026-09-10 10:46:22,171 - INFO - Nombre de maires actifs uniques: 34637
2026-09-10 10:46:22,171 - INFO - Nombre de maires déjà tweetés: 1890
2026-09-10 10:46:22,172 - INFO - Sélectionné: 70238 - Anne LEONARD (nouveau maire)
2026-09-10 10:46:22,174 - INFO - Tweet: 🏛 La #maire de Fleurey-Lès-Saint-Loup (Haute-Saône) est Anne LEONARD (62 ans) #MairesdeFrance 🇫🇷
2026-09-10 10:46:22,411 - INFO - Sauvegarde effectuée: 70238 - Anne LEONARD
2026-09-10 10:46:22,411 - INFO - Succès: Response(data={'edit_history_tweet_ids': [''], 'id': '2098000120285659273', 'text': '🏛 La #maire de Fleurey-Lès-Saint-Loup (Haute-Saône) est Anne LEONARD (62 ans) #MairesdeFrance 🇫🇷'}, includes={}, errors=[], meta={})
2026-09-10 10:46:22,413 - INFO - === Fin ===
2026-09-10 16:46:24,748 - INFO - === Démarrage Maires ===
2026-09-10 16:46:24,748 - INFO - WORKING_DIR: /home/runner/work/Bots/Bots/maires
2026-09-10 16:46:24,749 - INFO - Fichier historique: /home/runner/work/Bots/Bots/maires/tweeted_maires.txt
2026-09-10 16:46:24,833 - INFO - Historique chargé: 1891 maires déjà tweetés
2026-09-10 16:46:24,852 - INFO - Nombre de maires actifs uniques: 34637
2026-09-10 16:46:24,852 - INFO - Nombre de maires déjà tweetés: 1891
2026-09-10 16:46:24,854 - INFO - Sélectionné: 52341 - Nicolas PREVOT (nouveau maire)
2026-09-10 16:46:24,855 - INFO - Tweet: 🏛 Le #maire de Morancourt (Haute-Marne) est Nicolas PREVOT (55 ans) #MairesdeFrance 🇫🇷
2026-09-10 16:46:25,223 - INFO - Sauvegarde effectuée: 52341 - Nicolas PREVOT
2026-09-10 16:46:25,223 - INFO - Succès: Response(data={'edit_history_tweet_ids': [''], 'id': '2098090729012904315', 'text': '🏛 Le #maire de Morancourt (Haute-Marne) est Nicolas PREVOT (55 ans) #MairesdeFrance 🇫🇷'}, includes={}, errors=[], meta={})
2026-09-10 16:46:25,225 - INFO - === Fin ===
2026-09-11 10:46:26,031 - INFO - === Démarrage Maires ===
2026-09-11 10:46:26,031 - INFO - WORKING_DIR: /home/runner/work/Bots/Bots/maires
2026-09-11 10:46:26,031 - INFO - Fichier historique: /home/runner/work/Bots/Bots/maires/tweeted_maires.txt
2026-09-11 10:46:26,117 - INFO - Historique chargé: 1892 maires déjà tweetés
2026-09-11 10:46:26,137 - INFO - Nombre de maires actifs uniques: 34637
2026-09-11 10:46:26,137 - INFO - Nombre de maires déjà tweetés: 1892
2026-09-11 10:46:26,138 - INFO - Sélectionné: 62866 - Sylvain SUEUR (nouveau maire)
2026-09-11 10:46:26,139 - INFO - Tweet: 🏛 Le #maire de Waben (Pas-de-Calais) est Sylvain SUEUR (57 ans) #MairesdeFrance 🇫🇷
2026-09-11 10:46:26,264 - INFO - Erreur: 402 Payment Required
credits depleted
2026-09-11 10:46:26,266 - INFO - === Fin ===
2026-09-11 16:46:25,326 - INFO - === Démarrage Maires ===
2026-09-11 16:46:25,326 - INFO - WORKING_DIR: /home/runner/work/Bots/Bots/maires
2026-09-11 16:46:25,326 - INFO - Fichier historique: /home/runner/work/Bots/Bots/maires/tweeted_maires.txt
2026-09-11 16:46:25,419 - INFO - Historique chargé: 1892 maires déjà tweetés
2026-09-11 16:46:25,448 - INFO - Nombre de maires actifs uniques: 34637
2026-09-11 16:46:25,448 - INFO - Nombre de maires déjà tweetés: 1892
2026-09-11 16:46:25,450 - INFO - Sélectionné: 69077 - Marie-Hélène PIRON DIDIER (nouveau maire)
2026-09-11 16:46:25,452 - INFO - Tweet: 🏛 La #maire de Dracé (Rhône) est Marie-Hélène PIRON DIDIER (63 ans) #MairesdeFrance 🇫🇷
2026-09-11 16:46:25,584 - INFO - Erreur: 402 Payment Required
credits depleted
2026-09-11 16:46:25,586 - INFO - === Fin ===
2026-09-12 10:46:30,464 - INFO - === Démarrage Maires ===
2026-09-12 10:46:30,464 - INFO - WORKING_DIR: /home/runner/work/Bots/Bots/maires
2026-09-12 10:46:30,465 - INFO - Fichier historique: /home/runner/work/Bots/Bots/maires/tweeted_maires.txt
2026-09-12 10:46:30,550 - INFO - Historique chargé: 1892 maires déjà tweetés
2026-09-12 10:46:30,571 - INFO - Nombre de maires actifs uniques: 34637
2026-09-12 10:46:30,571 - INFO - Nombre de maires déjà tweetés: 1892
2026-09-12 10:46:30,573 - INFO - Sélectionné: 52439 - Corine DARDART (nouveau maire)
2026-09-12 10:46:30,575 - INFO - Tweet: 🏛 La #maire de Rouvres-Sur-Aube (Haute-Marne) est Corine DARDART (56 ans) #MairesdeFrance 🇫🇷
2026-09-12 10:46:30,781 - INFO - Erreur: 402 Payment Required
credits depleted
2026-09-12 10:46:30,783 - INFO - === Fin ===
2026-09-12 16:46:22,685 - INFO - === Démarrage Maires ===
2026-09-12 16:46:22,685 - INFO - WORKING_DIR: /home/runner/work/Bots/Bots/maires
2026-09-12 16:46:22,685 - INFO - Fichier historique: /home/runner/work/Bots/Bots/maires/tweeted_maires.txt
2026-09-12 16:46:22,770 - INFO - Historique chargé: 1892 maires déjà tweetés
2026-09-12 16:46:22,792 - INFO - Nombre de maires actifs uniques: 34637
2026-09-12 16:46:22,793 - INFO - Nombre de maires déjà tweetés: 1892
2026-09-12 16:46:22,794 - INFO - Sélectionné: 19162 - Jérôme SAGNE (nouveau maire)
2026-09-12 16:46:22,796 - INFO - Tweet: 🏛 Le #maire de Perpezac-Le-Noir (Corrèze) est Jérôme SAGNE (51 ans) #MairesdeFrance 🇫🇷
2026-09-12 16:46:22,939 - INFO - Erreur: 402 Payment Required
credits depleted
2026-09-12 16:46:22,941 - INFO - === Fin ===
2026-09-13 10:46:24,094 - INFO - === Démarrage Maires ===
2026-09-13 10:46:24,094 - INFO - WORKING_DIR: /home/runner/work/Bots/Bots/maires
2026-09-13 10:46:24,094 - INFO - Fichier historique: /home/runner/work/Bots/Bots/maires/tweeted_maires.txt
2026-09-13 10:46:24,185 - INFO - Historique chargé: 1892 maires déjà tweetés
2026-09-13 10:46:24,210 - INFO - Nombre de maires actifs uniques: 34637
2026-09-13 10:46:24,210 - INFO - Nombre de maires déjà tweetés: 1892
2026-09-13 10:46:24,212 - INFO - Sélectionné: 35324 - Denis CHOPIN (nouveau maire)
2026-09-13 10:46:24,214 - INFO - Tweet: 🏛 Le #maire de La Selle-En-Luitré (Ille-et-Vilaine) est Denis CHOPIN (56 ans) #MairesdeFrance 🇫🇷
2026-09-13 10:46:24,403 - INFO - Erreur: 402 Payment Required
credits depleted
2026-09-13 10:46:24,405 - INFO - === Fin ===
2026-09-13 16:46:23,189 - INFO - === Démarrage Maires ===
2026-09-13 16:46:23,189 - INFO - WORKING_DIR: /home/runner/work/Bots/Bots/maires
2026-09-13 16:46:23,189 - INFO - Fichier historique: /home/runner/work/Bots/Bots/maires/tweeted_maires.txt
2026-09-13 16:46:23,273 - INFO - Historique chargé: 1892 maires déjà tweetés
2026-09-13 16:46:23,295 - INFO - Nombre de maires actifs uniques: 34637
2026-09-13 16:46:23,295 - INFO - Nombre de maires déjà tweetés: 1892
2026-09-13 16:46:23,297 - INFO - Sélectionné: 21607 - Alain BECQUET (nouveau maire)
2026-09-13 16:46:23,298 - INFO - Tweet: 🏛 Le #maire de Seurre (Côte-d'Or) est Alain BECQUET (50 ans) #MairesdeFrance 🇫🇷
2026-09-13 16:46:23,525 - INFO - Erreur: 402 Payment Required
credits depleted
2026-09-13 16:46:23,527 - INFO - === Fin ===
2026-09-14 10:46:23,205 - INFO - === Démarrage Maires ===
2026-09-14 10:46:23,205 - INFO - WORKING_DIR: /home/runner/work/Bots/Bots/maires
2026-09-14 10:46:23,205 - INFO - Fichier historique: /home/runner/work/Bots/Bots/maires/tweeted_maires.txt
2026-09-14 10:46:23,290 - INFO - Historique chargé: 1892 maires déjà tweetés
2026-09-14 10:46:23,315 - INFO - Nombre de maires actifs uniques: 34637
2026-09-14 10:46:23,315 - INFO - Nombre de maires déjà tweetés: 1892
2026-09-14 10:46:23,316 - INFO - Sélectionné: 63184 - Jean Luc MANRESA (nouveau maire)
2026-09-14 10:46:23,318 - INFO - Tweet: 🏛 Le #maire de Lachaux (Puy-de-Dôme) est Jean Luc MANRESA (70 ans) #MairesdeFrance 🇫🇷
2026-09-14 10:46:23,450 - INFO - Erreur: 402 Payment Required
credits depleted
2026-09-14 10:46:23,452 - INFO - === Fin ===
2026-09-14 16:46:25,257 - INFO - === Démarrage Maires ===
2026-09-14 16:46:25,257 - INFO - WORKING_DIR: /home/runner/work/Bots/Bots/maires
2026-09-14 16:46:25,257 - INFO - Fichier historique: /home/runner/work/Bots/Bots/maires/tweeted_maires.txt
2026-09-14 16:46:25,352 - INFO - Historique chargé: 1892 maires déjà tweetés
2026-09-14 16:46:25,375 - INFO - Nombre de maires actifs uniques: 34637
2026-09-14 16:46:25,375 - INFO - Nombre de maires déjà tweetés: 1892
2026-09-14 16:46:25,377 - INFO - Sélectionné: 08246 - Philippe GENTY (nouveau maire)
2026-09-14 16:46:25,379 - INFO - Tweet: 🏛 Le #maire de Landres-Et-Saint-Georges (Tarn-et-Garonne) est Philippe GENTY (65 ans) #MairesdeFrance 🇫🇷
2026-09-14 16:46:25,540 - INFO - Erreur: 402 Payment Required
credits depleted
2026-09-14 16:46:25,542 - INFO - === Fin ===
