2026-04-19 15:59:27,334 - INFO - Lancement Mur des Cons
2026-04-19 15:59:27,334 - INFO - Mur des cons ne s execute pas cette fois
2026-04-19 16:59:28,401 - INFO - Lancement Mur des Cons
2026-04-19 16:59:28,401 - INFO - Mur des cons ne s execute pas cette fois
2026-04-19 17:59:27,674 - INFO - Lancement Mur des Cons
2026-04-19 17:59:27,675 - INFO - Mur des cons ne s execute pas cette fois
2026-04-19 18:59:29,693 - INFO - Lancement Mur des Cons
2026-04-19 18:59:29,693 - INFO - Mur des cons ne s execute pas cette fois
2026-04-19 19:59:28,086 - INFO - Lancement Mur des Cons
2026-04-19 19:59:28,087 - INFO - Mur des cons ne s execute pas cette fois
2026-04-19 20:59:28,536 - INFO - Lancement Mur des Cons
2026-04-19 20:59:28,536 - INFO - Mur des cons ne s execute pas cette fois
2026-04-20 03:59:28,624 - INFO - Lancement Mur des Cons
2026-04-20 03:59:28,624 - INFO - Mur des cons ne s execute pas cette fois
2026-04-20 04:59:27,372 - INFO - Lancement Mur des Cons
2026-04-20 04:59:27,372 - INFO - Mur des cons ne s execute pas cette fois
2026-04-20 05:59:29,898 - INFO - Lancement Mur des Cons
2026-04-20 05:59:29,898 - INFO - Mur des cons ne s execute pas cette fois
2026-04-20 06:59:29,795 - INFO - Lancement Mur des Cons
2026-04-20 06:59:29,795 - INFO - Mur des cons ne s execute pas cette fois
2026-04-20 07:59:27,525 - INFO - Lancement Mur des Cons
2026-04-20 07:59:27,525 - INFO - Mur des cons ne s execute pas cette fois
2026-04-20 08:59:33,688 - INFO - Lancement Mur des Cons
2026-04-20 08:59:33,688 - INFO - Mur des cons ne s execute pas cette fois
2026-04-20 09:59:27,457 - INFO - Lancement Mur des Cons
2026-04-20 09:59:27,457 - INFO - Mur des cons ne s execute pas cette fois
2026-04-20 10:59:27,440 - INFO - Lancement Mur des Cons
2026-04-20 10:59:27,440 - INFO - Mur des cons ne s execute pas cette fois
2026-04-20 11:59:27,544 - INFO - Lancement Mur des Cons
2026-04-20 11:59:27,544 - INFO - Mur des cons ne s execute pas cette fois
2026-04-20 12:59:27,742 - INFO - Lancement Mur des Cons
2026-04-20 12:59:27,742 - INFO - Mur des cons ne s execute pas cette fois
2026-04-20 13:59:29,553 - INFO - Lancement Mur des Cons
2026-04-20 13:59:29,554 - INFO - Mur des cons ne s execute pas cette fois
2026-04-20 14:59:27,372 - INFO - Lancement Mur des Cons
2026-04-20 14:59:27,372 - INFO - Mur des cons ne s execute pas cette fois
2026-04-20 15:59:27,993 - INFO - Lancement Mur des Cons
2026-04-20 15:59:27,993 - INFO - Mur des cons ne s execute pas cette fois
2026-04-20 16:59:27,945 - INFO - Lancement Mur des Cons
2026-04-20 16:59:27,945 - INFO - Mur des cons ne s execute pas cette fois
2026-04-20 17:59:28,876 - INFO - Lancement Mur des Cons
2026-04-20 17:59:28,876 - INFO - Mur des cons ne s execute pas cette fois
2026-04-20 18:59:26,805 - INFO - Lancement Mur des Cons
2026-04-20 18:59:26,805 - INFO - Mur des cons ne s execute pas cette fois
2026-04-20 19:59:28,531 - INFO - Lancement Mur des Cons
2026-04-20 19:59:28,531 - INFO - Mur des cons ne s execute pas cette fois
2026-04-20 20:59:28,149 - INFO - Lancement Mur des Cons
2026-04-20 20:59:28,150 - INFO - Mur des cons ne s execute pas cette fois
2026-04-21 03:59:27,301 - INFO - Lancement Mur des Cons
2026-04-21 03:59:27,301 - INFO - Mur des cons ne s execute pas cette fois
2026-04-21 04:59:27,844 - INFO - Lancement Mur des Cons
2026-04-21 04:59:27,844 - INFO - Mur des cons ne s execute pas cette fois
2026-04-21 05:59:28,611 - INFO - Lancement Mur des Cons
2026-04-21 05:59:28,611 - INFO - Mur des cons ne s execute pas cette fois
2026-04-21 06:59:27,604 - INFO - Lancement Mur des Cons
2026-04-21 06:59:27,604 - INFO - Mur des cons ne s execute pas cette fois
2026-04-21 07:59:26,762 - INFO - Lancement Mur des Cons
2026-04-21 07:59:26,762 - INFO - Mur des cons ne s execute pas cette fois
2026-04-21 08:59:35,715 - INFO - Lancement Mur des Cons
2026-04-21 08:59:35,716 - INFO - Mur des cons ne s execute pas cette fois
2026-04-21 09:59:27,030 - INFO - Lancement Mur des Cons
2026-04-21 09:59:27,030 - INFO - Mur des cons ne s execute pas cette fois
2026-04-21 10:59:29,049 - INFO - Lancement Mur des Cons
2026-04-21 10:59:29,049 - INFO - Mur des cons ne s execute pas cette fois
2026-04-21 11:59:27,394 - INFO - Lancement Mur des Cons
2026-04-21 11:59:27,395 - INFO - Mur des Cons s execute
2026-04-21 11:59:27,395 - INFO - Pause pendant 195 secondes
2026-04-21 12:02:42,748 - INFO - Tweet pour à SOPHIE BINET posté avec succès
2026-04-21 12:59:27,513 - INFO - Lancement Mur des Cons
2026-04-21 12:59:27,513 - INFO - Mur des cons ne s execute pas cette fois
2026-04-21 13:59:27,452 - INFO - Lancement Mur des Cons
2026-04-21 13:59:27,452 - INFO - Mur des cons ne s execute pas cette fois
2026-04-21 14:59:29,454 - INFO - Lancement Mur des Cons
2026-04-21 14:59:29,454 - INFO - Mur des cons ne s execute pas cette fois
2026-04-21 15:59:28,862 - INFO - Lancement Mur des Cons
2026-04-21 15:59:28,862 - INFO - Mur des cons ne s execute pas cette fois
2026-04-21 16:59:28,039 - INFO - Lancement Mur des Cons
2026-04-21 16:59:28,039 - INFO - Mur des cons ne s execute pas cette fois
2026-04-21 17:59:28,228 - INFO - Lancement Mur des Cons
2026-04-21 17:59:28,228 - INFO - Mur des cons ne s execute pas cette fois
2026-04-21 18:59:29,031 - INFO - Lancement Mur des Cons
2026-04-21 18:59:29,032 - INFO - Mur des cons ne s execute pas cette fois
2026-04-21 19:59:30,509 - INFO - Lancement Mur des Cons
2026-04-21 19:59:30,509 - INFO - Mur des cons ne s execute pas cette fois
2026-04-21 20:59:28,558 - INFO - Lancement Mur des Cons
2026-04-21 20:59:28,558 - INFO - Mur des cons ne s execute pas cette fois
2026-04-22 03:59:28,892 - INFO - Lancement Mur des Cons
2026-04-22 03:59:28,892 - INFO - Mur des cons ne s execute pas cette fois
2026-04-22 04:59:28,662 - INFO - Lancement Mur des Cons
2026-04-22 04:59:28,662 - INFO - Mur des cons ne s execute pas cette fois
2026-04-22 05:59:31,419 - INFO - Lancement Mur des Cons
2026-04-22 05:59:31,420 - INFO - Mur des cons ne s execute pas cette fois
2026-04-22 06:59:27,642 - INFO - Lancement Mur des Cons
2026-04-22 06:59:27,642 - INFO - Mur des cons ne s execute pas cette fois
2026-04-22 07:59:27,746 - INFO - Lancement Mur des Cons
2026-04-22 07:59:27,746 - INFO - Mur des cons ne s execute pas cette fois
2026-04-22 08:59:35,775 - INFO - Lancement Mur des Cons
2026-04-22 08:59:35,775 - INFO - Mur des cons ne s execute pas cette fois
2026-05-01 08:59:55,285 - INFO - Lancement Mur des Cons
2026-05-01 08:59:55,285 - INFO - Mur des cons ne s execute pas cette fois
2026-05-01 09:00:16,644 - INFO - Lancement Mur des Cons
2026-05-01 09:00:16,645 - INFO - Mur des cons ne s execute pas cette fois
