2026-09-10 10:17:29,757 - INFO - === Fin ===
2026-09-10 17:17:29,335 - INFO - === Démarrage Députés ===
2026-09-10 17:17:29,335 - INFO - WORKING_DIR: /home/runner/work/Bots/Bots/deputes
2026-09-10 17:17:29,336 - INFO - Fichier historique: /home/runner/work/Bots/Bots/deputes/tweeted_deputes.txt
2026-09-10 17:17:29,343 - INFO - ✅ Dates de naissance converties avec succès
2026-09-10 17:17:29,343 - INFO - Historique chargé: 361 députés déjà tweetés
2026-09-10 17:17:29,345 - INFO - Nombre de députés uniques: 572
2026-09-10 17:17:29,345 - INFO - Nombre de députés déjà tweetés: 361
2026-09-10 17:17:29,346 - INFO - Sélectionné: 8504 - Véronique BESSE (nouveau député)
2026-09-10 17:17:29,346 - INFO - Tweet: 🏛 La #députée de la 4e circonscription de la Vendée est Véronique BESSE (63 ans) #Députés #AssembléeNationale 🇫🇷
2026-09-10 17:17:29,540 - INFO - Erreur: 402 Payment Required
credits depleted
2026-09-10 17:17:29,541 - INFO - === Fin ===
2026-09-11 06:17:22,900 - INFO - === Démarrage Députés ===
2026-09-11 06:17:22,900 - INFO - WORKING_DIR: /home/runner/work/Bots/Bots/deputes
2026-09-11 06:17:22,900 - INFO - Fichier historique: /home/runner/work/Bots/Bots/deputes/tweeted_deputes.txt
2026-09-11 06:17:22,907 - INFO - ✅ Dates de naissance converties avec succès
2026-09-11 06:17:22,907 - INFO - Historique chargé: 361 députés déjà tweetés
2026-09-11 06:17:22,909 - INFO - Nombre de députés uniques: 572
2026-09-11 06:17:22,909 - INFO - Nombre de députés déjà tweetés: 361
2026-09-11 06:17:22,910 - INFO - Sélectionné: 9304 - Soumya BOUROUAHA (nouveau député)
2026-09-11 06:17:22,910 - INFO - Tweet: 🏛 La #députée de la 4e circonscription de Seine-Saint-Denis est Soumya BOUROUAHA (62 ans) #Députés #AssembléeNationale 🇫🇷
2026-09-11 06:17:23,015 - INFO - Erreur: 402 Payment Required
credits depleted
2026-09-11 06:17:23,015 - INFO - === Fin ===
2026-09-11 10:17:24,178 - INFO - === Démarrage Députés ===
2026-09-11 10:17:24,178 - INFO - WORKING_DIR: /home/runner/work/Bots/Bots/deputes
2026-09-11 10:17:24,178 - INFO - Fichier historique: /home/runner/work/Bots/Bots/deputes/tweeted_deputes.txt
2026-09-11 10:17:24,186 - INFO - ✅ Dates de naissance converties avec succès
2026-09-11 10:17:24,186 - INFO - Historique chargé: 361 députés déjà tweetés
2026-09-11 10:17:24,188 - INFO - Nombre de députés uniques: 572
2026-09-11 10:17:24,188 - INFO - Nombre de députés déjà tweetés: 361
2026-09-11 10:17:24,189 - INFO - Sélectionné: 4506 - Richard RAMOS (nouveau député)
2026-09-11 10:17:24,189 - INFO - Tweet: 🏛 Le #député de la 6e circonscription du Loiret est Richard RAMOS (58 ans) #Députés #AssembléeNationale 🇫🇷
2026-09-11 10:17:24,321 - INFO - Erreur: 402 Payment Required
credits depleted
2026-09-11 10:17:24,321 - INFO - === Fin ===
2026-09-11 17:17:24,160 - INFO - === Démarrage Députés ===
2026-09-11 17:17:24,160 - INFO - WORKING_DIR: /home/runner/work/Bots/Bots/deputes
2026-09-11 17:17:24,160 - INFO - Fichier historique: /home/runner/work/Bots/Bots/deputes/tweeted_deputes.txt
2026-09-11 17:17:24,167 - INFO - ✅ Dates de naissance converties avec succès
2026-09-11 17:17:24,167 - INFO - Historique chargé: 361 députés déjà tweetés
2026-09-11 17:17:24,169 - INFO - Nombre de députés uniques: 572
2026-09-11 17:17:24,169 - INFO - Nombre de députés déjà tweetés: 361
2026-09-11 17:17:24,170 - INFO - Sélectionné: 1308 - Romain TONUSSI (nouveau député)
2026-09-11 17:17:24,170 - INFO - Tweet: 🏛 Le #député de la 8e circonscription des Bouches-du-Rhône est Romain TONUSSI (30 ans) #Députés #AssembléeNationale 🇫🇷
2026-09-11 17:17:24,304 - INFO - Erreur: 402 Payment Required
credits depleted
2026-09-11 17:17:24,304 - INFO - === Fin ===
2026-09-12 06:17:19,365 - INFO - === Démarrage Députés ===
2026-09-12 06:17:19,365 - INFO - WORKING_DIR: /home/runner/work/Bots/Bots/deputes
2026-09-12 06:17:19,365 - INFO - Fichier historique: /home/runner/work/Bots/Bots/deputes/tweeted_deputes.txt
2026-09-12 06:17:19,372 - INFO - ✅ Dates de naissance converties avec succès
2026-09-12 06:17:19,372 - INFO - Historique chargé: 361 députés déjà tweetés
2026-09-12 06:17:19,374 - INFO - Nombre de députés uniques: 572
2026-09-12 06:17:19,374 - INFO - Nombre de députés déjà tweetés: 361
2026-09-12 06:17:19,375 - INFO - Sélectionné: 7806 - Natalia POUZYREFF (nouveau député)
2026-09-12 06:17:19,375 - INFO - Tweet: 🏛 La #députée de la 6e circonscription des Yvelines est Natalia POUZYREFF (65 ans) #Députés #AssembléeNationale 🇫🇷
2026-09-12 06:17:19,483 - INFO - Erreur: 402 Payment Required
credits depleted
2026-09-12 06:17:19,483 - INFO - === Fin ===
2026-09-12 10:17:21,569 - INFO - === Démarrage Députés ===
2026-09-12 10:17:21,569 - INFO - WORKING_DIR: /home/runner/work/Bots/Bots/deputes
2026-09-12 10:17:21,569 - INFO - Fichier historique: /home/runner/work/Bots/Bots/deputes/tweeted_deputes.txt
2026-09-12 10:17:21,576 - INFO - ✅ Dates de naissance converties avec succès
2026-09-12 10:17:21,577 - INFO - Historique chargé: 361 députés déjà tweetés
2026-09-12 10:17:21,579 - INFO - Nombre de députés uniques: 572
2026-09-12 10:17:21,579 - INFO - Nombre de députés déjà tweetés: 361
2026-09-12 10:17:21,582 - INFO - Sélectionné: 3404 - Manon BOUQUIN (nouveau député)
2026-09-12 10:17:21,582 - INFO - Tweet: 🏛 La #députée de la 4e circonscription de l'Hérault est Manon BOUQUIN (34 ans) #Députés #AssembléeNationale 🇫🇷
2026-09-12 10:17:21,739 - INFO - Erreur: 402 Payment Required
credits depleted
2026-09-12 10:17:21,739 - INFO - === Fin ===
2026-09-12 17:17:21,973 - INFO - === Démarrage Députés ===
2026-09-12 17:17:21,973 - INFO - WORKING_DIR: /home/runner/work/Bots/Bots/deputes
2026-09-12 17:17:21,973 - INFO - Fichier historique: /home/runner/work/Bots/Bots/deputes/tweeted_deputes.txt
2026-09-12 17:17:21,981 - INFO - ✅ Dates de naissance converties avec succès
2026-09-12 17:17:21,981 - INFO - Historique chargé: 361 députés déjà tweetés
2026-09-12 17:17:21,983 - INFO - Nombre de députés uniques: 572
2026-09-12 17:17:21,983 - INFO - Nombre de députés déjà tweetés: 361
2026-09-12 17:17:21,984 - INFO - Sélectionné: 1602 - Sandra MARSAUD (nouveau député)
2026-09-12 17:17:21,984 - INFO - Tweet: 🏛 La #députée de la 2e circonscription de la Charente est Sandra MARSAUD (52 ans) #Députés #AssembléeNationale 🇫🇷
2026-09-12 17:17:22,105 - INFO - Erreur: 402 Payment Required
credits depleted
2026-09-12 17:17:22,105 - INFO - === Fin ===
2026-09-13 06:17:21,095 - INFO - === Démarrage Députés ===
2026-09-13 06:17:21,095 - INFO - WORKING_DIR: /home/runner/work/Bots/Bots/deputes
2026-09-13 06:17:21,095 - INFO - Fichier historique: /home/runner/work/Bots/Bots/deputes/tweeted_deputes.txt
2026-09-13 06:17:21,102 - INFO - ✅ Dates de naissance converties avec succès
2026-09-13 06:17:21,102 - INFO - Historique chargé: 361 députés déjà tweetés
2026-09-13 06:17:21,104 - INFO - Nombre de députés uniques: 572
2026-09-13 06:17:21,104 - INFO - Nombre de députés déjà tweetés: 361
2026-09-13 06:17:21,106 - INFO - Sélectionné: 0701 - Hervé SAULIGNAC (nouveau député)
2026-09-13 06:17:21,106 - INFO - Tweet: 🏛 Le #député de la 1ère circonscription de l'Ardèche est Hervé SAULIGNAC (55 ans) #Députés #AssembléeNationale 🇫🇷
2026-09-13 06:17:21,245 - INFO - Erreur: 402 Payment Required
credits depleted
2026-09-13 06:17:21,245 - INFO - === Fin ===
2026-09-13 10:17:22,371 - INFO - === Démarrage Députés ===
2026-09-13 10:17:22,371 - INFO - WORKING_DIR: /home/runner/work/Bots/Bots/deputes
2026-09-13 10:17:22,371 - INFO - Fichier historique: /home/runner/work/Bots/Bots/deputes/tweeted_deputes.txt
2026-09-13 10:17:22,378 - INFO - ✅ Dates de naissance converties avec succès
2026-09-13 10:17:22,378 - INFO - Historique chargé: 361 députés déjà tweetés
2026-09-13 10:17:22,380 - INFO - Nombre de députés uniques: 572
2026-09-13 10:17:22,380 - INFO - Nombre de députés déjà tweetés: 361
2026-09-13 10:17:22,383 - INFO - Sélectionné: 98703 - Mereana REID ABERLOT (nouveau député)
2026-09-13 10:17:22,384 - INFO - Tweet: 🏛 La #députée de la 3e circonscription de Polynésie française est Mereana REID ABERLOT (56 ans) #Députés #AssembléeNationale 🇫🇷
2026-09-13 10:17:22,488 - INFO - Erreur: 402 Payment Required
credits depleted
2026-09-13 10:17:22,488 - INFO - === Fin ===
