2026-04-20 13:59:22,530 - INFO - Lancement Petite et grande Histoire
2026-04-20 13:59:22,530 - INFO - Le script Petite et grande Histoire ne s'exécute pas cette fois.
2026-04-20 14:59:20,405 - INFO - Nettoyage du fichier log effectué. Seules les 100 dernières lignes sont conservées.
2026-04-20 14:59:20,405 - INFO - Lancement Petite et grande Histoire
2026-04-20 14:59:20,405 - INFO - Le script Petite et grande Histoire ne s'exécute pas cette fois.
2026-04-20 15:59:20,992 - INFO - Nettoyage du fichier log effectué. Seules les 100 dernières lignes sont conservées.
2026-04-20 15:59:20,992 - INFO - Lancement Petite et grande Histoire
2026-04-20 15:59:20,992 - INFO - Le script Petite et grande Histoire ne s'exécute pas cette fois.
2026-04-20 16:59:20,911 - INFO - Nettoyage du fichier log effectué. Seules les 100 dernières lignes sont conservées.
2026-04-20 16:59:20,911 - INFO - Lancement Petite et grande Histoire
2026-04-20 16:59:20,911 - INFO - Le script Petite et grande Histoire ne s'exécute pas cette fois.
2026-04-20 17:59:21,839 - INFO - Nettoyage du fichier log effectué. Seules les 100 dernières lignes sont conservées.
2026-04-20 17:59:21,840 - INFO - Lancement Petite et grande Histoire
2026-04-20 17:59:21,840 - INFO - Le script Petite et grande Histoire ne s'exécute pas cette fois.
2026-04-20 18:59:19,784 - INFO - Nettoyage du fichier log effectué. Seules les 100 dernières lignes sont conservées.
2026-04-20 18:59:19,784 - INFO - Lancement Petite et grande Histoire
2026-04-20 18:59:19,784 - INFO - Le script Petite et grande Histoire ne s'exécute pas cette fois.
2026-04-20 19:59:21,432 - INFO - Nettoyage du fichier log effectué. Seules les 100 dernières lignes sont conservées.
2026-04-20 19:59:21,432 - INFO - Lancement Petite et grande Histoire
2026-04-20 19:59:21,432 - INFO - Le script Petite et grande Histoire ne s'exécute pas cette fois.
2026-04-20 20:59:21,106 - INFO - Nettoyage du fichier log effectué. Seules les 100 dernières lignes sont conservées.
2026-04-20 20:59:21,106 - INFO - Lancement Petite et grande Histoire
2026-04-20 20:59:21,106 - INFO - Le script Petite et grande Histoire ne s'exécute pas cette fois.
2026-04-21 03:59:20,276 - INFO - Nettoyage du fichier log effectué. Seules les 100 dernières lignes sont conservées.
2026-04-21 03:59:20,276 - INFO - Lancement Petite et grande Histoire
2026-04-21 03:59:20,276 - INFO - Le script Petite et grande Histoire ne s'exécute pas cette fois.
2026-04-21 04:59:20,876 - INFO - Nettoyage du fichier log effectué. Seules les 100 dernières lignes sont conservées.
2026-04-21 04:59:20,876 - INFO - Lancement Petite et grande Histoire
2026-04-21 04:59:20,876 - INFO - Le script Petite et grande Histoire ne s'exécute pas cette fois.
2026-04-21 05:59:21,605 - INFO - Nettoyage du fichier log effectué. Seules les 100 dernières lignes sont conservées.
2026-04-21 05:59:21,605 - INFO - Lancement Petite et grande Histoire
2026-04-21 05:59:21,605 - INFO - Le script Petite et grande Histoire ne s'exécute pas cette fois.
2026-04-21 06:59:20,597 - INFO - Nettoyage du fichier log effectué. Seules les 100 dernières lignes sont conservées.
2026-04-21 06:59:20,597 - INFO - Lancement Petite et grande Histoire
2026-04-21 06:59:20,597 - INFO - Le script Petite et grande Histoire ne s'exécute pas cette fois.
2026-04-21 07:59:19,758 - INFO - Nettoyage du fichier log effectué. Seules les 100 dernières lignes sont conservées.
2026-04-21 07:59:19,758 - INFO - Lancement Petite et grande Histoire
2026-04-21 07:59:19,758 - INFO - Le script Petite et grande Histoire s'exécute.
2026-04-21 07:59:19,758 - INFO - Pause Histoire pendant 457 secondes
2026-04-21 08:06:56,864 - INFO - 1975 : Loi Veil légalisant l'interruption volontaire de grossesse (IVG), marquant un tournant dans les droits des femmes en France. #Histoire #France
2026-04-21 08:06:57,037 - INFO - Tweet posté : Response(data={'edit_history_tweet_ids': ['2046500923376025887'], 'id': '2046500923376025887', 'text': "1975 : Loi Veil légalisant l'interruption volontaire de grossesse (IVG), marquant un tournant dans les droits des femmes en France. #Histoire #France"}, includes={}, errors=[], meta={})
2026-04-21 08:06:57,046 - INFO - Tweet No 201 successfully posted
2026-04-21 08:06:57,046 - INFO - Tweet posté.
2026-04-21 08:59:27,958 - INFO - Nettoyage du fichier log effectué. Seules les 100 dernières lignes sont conservées.
2026-04-21 08:59:27,958 - INFO - Lancement Petite et grande Histoire
2026-04-21 08:59:27,958 - INFO - Le script Petite et grande Histoire ne s'exécute pas cette fois.
2026-04-21 09:59:20,127 - INFO - Nettoyage du fichier log effectué. Seules les 100 dernières lignes sont conservées.
2026-04-21 09:59:20,127 - INFO - Lancement Petite et grande Histoire
2026-04-21 09:59:20,127 - INFO - Le script Petite et grande Histoire ne s'exécute pas cette fois.
2026-04-21 10:59:22,064 - INFO - Nettoyage du fichier log effectué. Seules les 100 dernières lignes sont conservées.
2026-04-21 10:59:22,064 - INFO - Lancement Petite et grande Histoire
2026-04-21 10:59:22,064 - INFO - Le script Petite et grande Histoire ne s'exécute pas cette fois.
2026-04-21 11:59:20,393 - INFO - Nettoyage du fichier log effectué. Seules les 100 dernières lignes sont conservées.
2026-04-21 11:59:20,393 - INFO - Lancement Petite et grande Histoire
2026-04-21 11:59:20,393 - INFO - Le script Petite et grande Histoire ne s'exécute pas cette fois.
2026-04-21 12:59:20,498 - INFO - Nettoyage du fichier log effectué. Seules les 100 dernières lignes sont conservées.
2026-04-21 12:59:20,498 - INFO - Lancement Petite et grande Histoire
2026-04-21 12:59:20,498 - INFO - Le script Petite et grande Histoire ne s'exécute pas cette fois.
2026-04-21 13:59:20,440 - INFO - Nettoyage du fichier log effectué. Seules les 100 dernières lignes sont conservées.
2026-04-21 13:59:20,440 - INFO - Lancement Petite et grande Histoire
2026-04-21 13:59:20,440 - INFO - Le script Petite et grande Histoire ne s'exécute pas cette fois.
2026-04-21 14:59:22,430 - INFO - Nettoyage du fichier log effectué. Seules les 100 dernières lignes sont conservées.
2026-04-21 14:59:22,430 - INFO - Lancement Petite et grande Histoire
2026-04-21 14:59:22,430 - INFO - Le script Petite et grande Histoire ne s'exécute pas cette fois.
2026-04-21 15:59:21,876 - INFO - Nettoyage du fichier log effectué. Seules les 100 dernières lignes sont conservées.
2026-04-21 15:59:21,876 - INFO - Lancement Petite et grande Histoire
2026-04-21 15:59:21,876 - INFO - Le script Petite et grande Histoire ne s'exécute pas cette fois.
2026-04-21 16:59:20,994 - INFO - Nettoyage du fichier log effectué. Seules les 100 dernières lignes sont conservées.
2026-04-21 16:59:20,994 - INFO - Lancement Petite et grande Histoire
2026-04-21 16:59:20,994 - INFO - Le script Petite et grande Histoire ne s'exécute pas cette fois.
2026-04-21 17:59:21,179 - INFO - Nettoyage du fichier log effectué. Seules les 100 dernières lignes sont conservées.
2026-04-21 17:59:21,179 - INFO - Lancement Petite et grande Histoire
2026-04-21 17:59:21,179 - INFO - Le script Petite et grande Histoire ne s'exécute pas cette fois.
2026-04-21 18:59:21,951 - INFO - Nettoyage du fichier log effectué. Seules les 100 dernières lignes sont conservées.
2026-04-21 18:59:21,951 - INFO - Lancement Petite et grande Histoire
2026-04-21 18:59:21,951 - INFO - Le script Petite et grande Histoire ne s'exécute pas cette fois.
2026-04-21 19:59:23,501 - INFO - Nettoyage du fichier log effectué. Seules les 100 dernières lignes sont conservées.
2026-04-21 19:59:23,502 - INFO - Lancement Petite et grande Histoire
2026-04-21 19:59:23,502 - INFO - Le script Petite et grande Histoire ne s'exécute pas cette fois.
2026-04-21 20:59:21,532 - INFO - Nettoyage du fichier log effectué. Seules les 100 dernières lignes sont conservées.
2026-04-21 20:59:21,533 - INFO - Lancement Petite et grande Histoire
2026-04-21 20:59:21,533 - INFO - Le script Petite et grande Histoire ne s'exécute pas cette fois.
2026-04-22 03:59:21,819 - INFO - Nettoyage du fichier log effectué. Seules les 100 dernières lignes sont conservées.
2026-04-22 03:59:21,819 - INFO - Lancement Petite et grande Histoire
2026-04-22 03:59:21,819 - INFO - Le script Petite et grande Histoire ne s'exécute pas cette fois.
2026-04-22 04:59:21,674 - INFO - Nettoyage du fichier log effectué. Seules les 100 dernières lignes sont conservées.
2026-04-22 04:59:21,674 - INFO - Lancement Petite et grande Histoire
2026-04-22 04:59:21,674 - INFO - Le script Petite et grande Histoire ne s'exécute pas cette fois.
2026-04-22 05:59:24,408 - INFO - Nettoyage du fichier log effectué. Seules les 100 dernières lignes sont conservées.
2026-04-22 05:59:24,408 - INFO - Lancement Petite et grande Histoire
2026-04-22 05:59:24,408 - INFO - Le script Petite et grande Histoire ne s'exécute pas cette fois.
2026-04-22 06:59:20,572 - INFO - Nettoyage du fichier log effectué. Seules les 100 dernières lignes sont conservées.
2026-04-22 06:59:20,572 - INFO - Lancement Petite et grande Histoire
2026-04-22 06:59:20,572 - INFO - Le script Petite et grande Histoire ne s'exécute pas cette fois.
2026-04-22 07:59:20,757 - INFO - Nettoyage du fichier log effectué. Seules les 100 dernières lignes sont conservées.
2026-04-22 07:59:20,757 - INFO - Lancement Petite et grande Histoire
2026-04-22 07:59:20,757 - INFO - Le script Petite et grande Histoire ne s'exécute pas cette fois.
2026-04-22 08:59:28,043 - INFO - Nettoyage du fichier log effectué. Seules les 100 dernières lignes sont conservées.
2026-04-22 08:59:28,043 - INFO - Lancement Petite et grande Histoire
2026-04-22 08:59:28,043 - INFO - Le script Petite et grande Histoire ne s'exécute pas cette fois.
2026-05-01 08:59:48,412 - INFO - Nettoyage du fichier log effectué. Seules les 100 dernières lignes sont conservées.
2026-05-01 08:59:48,412 - INFO - Lancement Petite et grande Histoire
2026-05-01 08:59:48,412 - INFO - Le script Petite et grande Histoire s'exécute.
2026-05-01 08:59:48,412 - INFO - Pause Histoire pendant 760 secondes
2026-05-01 09:12:28,510 - INFO - 1981 : Élection de François Mitterrand - Le premier président socialiste de la Cinquième République est élu, marquant un changement politique majeur. #Histoire #France
2026-05-01 09:12:28,819 - INFO - Tweet posté : Response(data={'text': '1981 : Élection de François Mitterrand - Le premier président socialiste de la Cinquième République est élu, marquant un changement politique majeur. #Histoire #France', 'id': '2050141293104292348', 'edit_history_tweet_ids': ['2050141293104292348']}, includes={}, errors=[], meta={})
2026-05-01 09:12:28,826 - INFO - Tweet No 202 successfully posted
2026-05-01 09:12:28,827 - INFO - Tweet posté.
