2026-04-19 13:59:23,507 - INFO - Le script Fuseaux ne s execute pas maintenant (1 chance sur 10)
2026-04-19 14:59:23,104 - INFO - Le script Fuseaux ne s execute pas maintenant (1 chance sur 10)
2026-04-19 15:59:23,339 - INFO - Le script Fuseaux ne s execute pas maintenant (1 chance sur 10)
2026-04-19 16:59:24,434 - INFO - Le script Fuseaux ne s execute pas maintenant (1 chance sur 10)
2026-04-19 17:59:23,678 - INFO - Le script Fuseaux ne s execute pas maintenant (1 chance sur 10)
2026-04-19 18:59:25,662 - INFO - Le script Fuseaux (HorairesFR) s execute maintenant
2026-04-19 18:59:25,662 - INFO - Pause pendant 991 secondes
2026-04-19 19:15:56,762 - INFO - === Démarrage du bot Fuseaux ===
2026-04-19 19:15:56,764 - INFO - Tweet 1/1
2026-04-19 19:15:57,952 - INFO - Envoyé avec image ZEE:
⏰ Il est 21h15 à Paris 🇫🇷

🌎 16h15 sur l'île du Diable (#Guyane) 🇫🇷
2026-04-19 19:15:57,952 - INFO - Tweet ID: 2045944510182527044
2026-04-19 19:15:57,959 - INFO - Territoire 'île du Diable (#Guyane)' ajouté à l'historique
2026-04-19 19:15:57,959 - INFO - === Script terminé ===
2026-04-19 19:59:24,105 - INFO - Le script Fuseaux ne s execute pas maintenant (1 chance sur 10)
2026-04-19 20:59:24,514 - INFO - Le script Fuseaux ne s execute pas maintenant (1 chance sur 10)
2026-04-20 03:59:24,650 - INFO - Le script Fuseaux ne s execute pas maintenant (1 chance sur 10)
2026-04-20 04:59:23,408 - INFO - Le script Fuseaux ne s execute pas maintenant (1 chance sur 10)
2026-04-20 05:59:25,926 - INFO - Le script Fuseaux ne s execute pas maintenant (1 chance sur 10)
2026-04-20 06:59:25,776 - INFO - Le script Fuseaux ne s execute pas maintenant (1 chance sur 10)
2026-04-20 07:59:23,481 - INFO - Le script Fuseaux ne s execute pas maintenant (1 chance sur 10)
2026-04-20 08:59:29,248 - INFO - Le script Fuseaux ne s execute pas maintenant (1 chance sur 10)
2026-04-20 09:59:23,536 - INFO - Le script Fuseaux ne s execute pas maintenant (1 chance sur 10)
2026-04-20 10:59:23,381 - INFO - Le script Fuseaux ne s execute pas maintenant (1 chance sur 10)
2026-04-20 11:59:23,526 - INFO - Le script Fuseaux ne s execute pas maintenant (1 chance sur 10)
2026-04-20 12:59:23,738 - INFO - Le script Fuseaux ne s execute pas maintenant (1 chance sur 10)
2026-04-20 13:59:25,569 - INFO - Le script Fuseaux ne s execute pas maintenant (1 chance sur 10)
2026-04-20 14:59:23,396 - INFO - Le script Fuseaux ne s execute pas maintenant (1 chance sur 10)
2026-04-20 15:59:23,978 - INFO - Le script Fuseaux ne s execute pas maintenant (1 chance sur 10)
2026-04-20 16:59:23,926 - INFO - Le script Fuseaux ne s execute pas maintenant (1 chance sur 10)
2026-04-20 17:59:24,867 - INFO - Le script Fuseaux ne s execute pas maintenant (1 chance sur 10)
2026-04-20 18:59:22,832 - INFO - Le script Fuseaux ne s execute pas maintenant (1 chance sur 10)
2026-04-20 19:59:24,428 - INFO - Le script Fuseaux ne s execute pas maintenant (1 chance sur 10)
2026-04-20 20:59:24,137 - INFO - Le script Fuseaux ne s execute pas maintenant (1 chance sur 10)
2026-04-21 03:59:23,280 - INFO - Le script Fuseaux (HorairesFR) s execute maintenant
2026-04-21 03:59:23,280 - INFO - Pause pendant 1265 secondes
2026-04-21 04:20:28,380 - INFO - === Démarrage du bot Fuseaux ===
2026-04-21 04:20:28,383 - INFO - Tweet 1/1
2026-04-21 04:20:29,608 - INFO - Envoyé avec image ZEE:
⏰ Il est 06h20 à Paris 🇫🇷

🌎 15h20 sur les îlots Saint-Phalle (Nouvelle-Calédonie) 🇫🇷
2026-04-21 04:20:29,608 - INFO - Tweet ID: 2046443932976898122
2026-04-21 04:20:29,616 - INFO - Territoire 'îlots Saint-Phalle (Nouvelle-Calédonie)' ajouté à l'historique
2026-04-21 04:20:29,616 - INFO - === Script terminé ===
2026-04-21 04:59:23,857 - INFO - Le script Fuseaux ne s execute pas maintenant (1 chance sur 10)
2026-04-21 05:59:24,638 - INFO - Le script Fuseaux ne s execute pas maintenant (1 chance sur 10)
2026-04-21 06:59:23,598 - INFO - Le script Fuseaux ne s execute pas maintenant (1 chance sur 10)
2026-04-21 07:59:22,788 - INFO - Le script Fuseaux ne s execute pas maintenant (1 chance sur 10)
2026-04-21 08:59:30,766 - INFO - Le script Fuseaux (HorairesFR) s execute maintenant
2026-04-21 08:59:30,767 - INFO - Pause pendant 869 secondes
2026-04-21 09:13:59,860 - INFO - === Démarrage du bot Fuseaux ===
2026-04-21 09:13:59,861 - INFO - Tweet 1/1
2026-04-21 09:14:00,492 - INFO - Envoyé avec image ZEE:
⏰ Il est 11h13 à Paris 🇫🇷

🌎 05h13 sur les Gros Islets (Saint-Barthélemy) 🇫🇷
2026-04-21 09:14:00,492 - INFO - Tweet ID: 2046517798642287056
2026-04-21 09:14:00,496 - INFO - Territoire 'les Gros Islets (Saint-Barthélemy)' ajouté à l'historique
2026-04-21 09:14:00,496 - INFO - === Script terminé ===
2026-04-21 09:59:23,016 - INFO - Le script Fuseaux ne s execute pas maintenant (1 chance sur 10)
2026-04-21 10:59:25,062 - INFO - Le script Fuseaux ne s execute pas maintenant (1 chance sur 10)
2026-04-21 11:59:23,406 - INFO - Le script Fuseaux ne s execute pas maintenant (1 chance sur 10)
2026-04-21 12:59:23,521 - INFO - Le script Fuseaux (HorairesFR) s execute maintenant
2026-04-21 12:59:23,521 - INFO - Pause pendant 1156 secondes
2026-04-21 13:18:39,622 - INFO - === Démarrage du bot Fuseaux ===
2026-04-21 13:18:39,673 - INFO - Tweet 1/1
2026-04-21 13:18:40,487 - INFO - Envoyé avec image ZEE:
⏰ Il est 15h18 à Paris 🇫🇷

🌎 16h18 sur les îles Choazil (#Mayotte) 🇫🇷
2026-04-21 13:18:40,487 - INFO - Tweet ID: 2046579370920133032
2026-04-21 13:18:40,494 - INFO - Territoire 'îles Choazil (#Mayotte)' ajouté à l'historique
2026-04-21 13:18:40,494 - INFO - === Script terminé ===
2026-04-21 13:59:23,433 - INFO - Le script Fuseaux ne s execute pas maintenant (1 chance sur 10)
2026-04-21 14:59:25,453 - INFO - Le script Fuseaux ne s execute pas maintenant (1 chance sur 10)
2026-04-21 15:59:24,873 - INFO - Le script Fuseaux ne s execute pas maintenant (1 chance sur 10)
2026-04-21 16:59:24,043 - INFO - Le script Fuseaux ne s execute pas maintenant (1 chance sur 10)
2026-04-21 17:59:24,230 - INFO - Le script Fuseaux ne s execute pas maintenant (1 chance sur 10)
2026-04-21 18:59:24,967 - INFO - Le script Fuseaux ne s execute pas maintenant (1 chance sur 10)
2026-04-21 19:59:26,377 - INFO - Le script Fuseaux ne s execute pas maintenant (1 chance sur 10)
2026-04-21 20:59:24,568 - INFO - Le script Fuseaux ne s execute pas maintenant (1 chance sur 10)
2026-04-22 03:59:24,874 - INFO - Le script Fuseaux ne s execute pas maintenant (1 chance sur 10)
2026-04-22 04:59:24,656 - INFO - Le script Fuseaux ne s execute pas maintenant (1 chance sur 10)
2026-04-22 05:59:27,476 - INFO - Le script Fuseaux ne s execute pas maintenant (1 chance sur 10)
2026-04-22 06:59:23,570 - INFO - Le script Fuseaux ne s execute pas maintenant (1 chance sur 10)
2026-04-22 07:59:23,771 - INFO - Le script Fuseaux (HorairesFR) s execute maintenant
2026-04-22 07:59:23,771 - INFO - Pause pendant 377 secondes
2026-04-22 08:05:40,870 - INFO - === Démarrage du bot Fuseaux ===
2026-04-22 08:05:40,872 - INFO - Tweet 1/1
2026-04-22 08:05:41,552 - INFO - Envoyé avec image ZEE:
⏰ Il est 10h05 à Paris 🇫🇷

🌎 22h05 (le 21/04/2026) dans l'Archipel de la Société (Polynésie) 🇫🇷
2026-04-22 08:05:41,552 - INFO - Tweet ID: 2046862994101969402
2026-04-22 08:05:41,557 - INFO - Territoire 'Archipel de la Société (Polynésie)' ajouté à l'historique
2026-04-22 08:05:41,557 - INFO - === Script terminé ===
2026-04-22 08:59:30,903 - INFO - Le script Fuseaux ne s execute pas maintenant (1 chance sur 10)
2026-05-01 08:59:51,260 - INFO - Le script Fuseaux ne s execute pas maintenant (1 chance sur 10)
